Set Implicit Arguments.
Section sec.
  
  Require Import WhoArith.
  Require Import WhoMap.
  Require Import WhoArray.
  Require Import WhoList.
  Variables a b e : Type.
  
  Variable f: (a -> e -> Prop) * (a -> e -> e -> b -> Prop). 
  Variable e1: e. 
  Variable x: a. 
  Lemma goal: fst f x e1.
  End sec.
