Set Implicit Arguments.
Lemma goal: True.
  Proof.
  Admitted.
  
