let apply ['a 'b||e] = (位(f:('a ->{|e } 'b)) -> (位(x:'a) -> (f x))) in
let h [|r|] = (位(x:ref(r,nat)) -> ((apply (位(z:nat) -> (! x))) 5)) in ()
