type bool
let
  f  = (fun (b:bool) -> {(fun (cur:< >) -> True)} if b then 5 else 3
       {(fun (old:< >) -> (fun (cur:< >) -> (fun (anon:int) -> True)))}) 
