type t  = | A of int | B 
let f  = (fun (x:t) -> case x of A(i) ->  i  | B() ->  1  end ) 
