let
  f  = (fun (x:int) -> {(fun (cur:< >) -> True)} x
       {(fun (old:< >) -> (fun (cur1:< >) -> (fun (anon:int) -> True)))}) 
