type t = int
logic +  : int -> int -> int
let f  = (fun (x:int) -> x + 1) 
