cp for_who.v.orig for_who.v
chmod a-w for_who.v.orig
