cp lambda_who.v.orig lambda_who.v
chmod a-w lambda_who.v.orig
