cp letregion_who.v.orig letregion_who.v
chmod a-w letregion_who.v.orig
