cp ref_who.v.orig ref_who.v
chmod a-w ref_who.v.orig
