let a = axiom forall (x:nat). ((= [nat||] x ) 0) in ()
