let f = (λ(x:nat) -> x [||]{(λ(z:map{|}) -> (λ(r:nat) -> True))}) in ()
