let f =
(位(x:nat) -> x {(位(old:map{|}) -> (位(cur:map{|}) -> (位(:nat) -> True)))})
in ()
