logic \/  : prop -> prop -> prop
logic int_min  : int -> int -> int
axiom int_min_is_some: True 
