forall (s:kmap{|}),
let /\ = logic Prop -> Prop -> Prop in
let -> = logic Prop -> Prop -> Prop in
let ~ = logic Prop -> Prop in
let = [a||]= logic a -> a -> Prop in
let <> [a1||]= logic a1 -> a1 -> Prop in
let fst [a2 b||]= logic (a2 * b) -> a2 in
let snd [a3 b1||]= logic (a3 * b1) -> b1 in
let , [a4 b2||]= logic a4 -> b2 -> a4 * b2 in
let == [a5||]= logic a5 -> a5 -> bool in
let != [a6||]= logic a6 -> a6 -> bool in
let !! [a7|r|e]= logic ref(r,a7) -> kmap{|e } -> a7 in
let
! [a8|r1|]=
           (λ(x:ref(r1,a8)) -> (λ(s1:kmap{r1 |}) -> True)) ,
           (λ(x:ref(r1,a8)) ->
           (λ(old:kmap{r1 |}) ->
           (λ(cur:kmap{r1 |}) ->
           (λ(r2:a8) ->
           ((!! [a8|r1|{r1 |}] x cur) = r2) /\
           ((!! [a8|r1|{r1 |}] x old) = (!! [a8|r1|{r1 |}] x cur))))))
in
let
:= [a9|r3|]=
            (λ(x1:ref(r3,a9)) ->
            (λ(v:a9) -> (λ(s2:kmap{r3 |}) -> True)) ,
            (λ(v:a9) ->
            (λ(old1:kmap{r3 |}) ->
            (λ(cur1:kmap{r3 |}) ->
            (λ(anon:unit) -> (!! [a9|r3|{r3 |}] x1 cur1) = v)))))
in
let
ref [a10|r4|]=
              (λ(v1:a10) -> (λ(s3:kmap{r4 |}) -> True)) ,
              (λ(v1:a10) ->
              (λ(old2:kmap{r4 ||r4 }) ->
              (λ(cur2:kmap{r4 ||r4 }) ->
              (λ(x2:ref(r4,a10)) -> (!! [a10|r4|{r4 ||r4 }] x2 cur2) = v1))))
in
let + = logic Z -> Z -> Z in
let - = logic Z -> Z -> Z in
let * = logic Z -> Z -> Z in
let < = logic Z -> Z -> Prop in
let <= = logic Z -> Z -> Prop in
let > = logic Z -> Z -> Prop in
let >= = logic Z -> Z -> Prop in
let << = logic Z -> Z -> bool in
let <<= = logic Z -> Z -> bool in
let >> = logic Z -> Z -> bool in
let >>= = logic Z -> Z -> bool in
let max = logic Z -> Z -> Z in
let min = logic Z -> Z -> Z in
let combine [||e1 e2]= logic kmap{|e1 } -> kmap{|e2 } -> kmap{|e1 e2 } in
let restrict [||e11 e21]= logic kmap{|e11 } -> kmap{|e21 } in
let empty = logic kmap{|} in
let pre [a11 b3||]= (λ(x3:a11 * b3) -> fst [a11,b3||] x3) in
let post [a12 b4||]= (λ(x4:a12 * b4) -> snd [a12,b4||] x4) in
let
forto [||e1]=
             (λ(inv:Z -> kmap{|e1 } -> Prop) ->
             (λ(start:Z) ->
             (λ(end_:Z) ->
             (λ(f:(Z -> kmap{|e1 } -> Prop) * (Z -> kmap{|e1 } -> kmap{|e1
             } -> unit -> Prop)) ->
             (λ(cur3:kmap{|e1 }) ->
             (inv start cur3) /\
             (forall (i:Z),
              ((start <= i) /\ (i <= end_)) ->
              (forall (m:kmap{|e1 }),
               (inv i m) ->
               ((pre [Z -> kmap{|e1 } -> Prop,Z -> kmap{|e1 } -> kmap{|e1
                 } -> unit -> Prop||] f i m)
                /\
                (forall (n:kmap{|e1 }),
                 (post [Z -> kmap{|e1 } -> Prop,Z -> kmap{|e1 } -> kmap{|e1
                  } -> unit -> Prop||] f i m n tt)
                 -> (inv (i + 1) n)))))))
             ,
             (λ(f:(Z -> kmap{|e1 } -> Prop) * (Z -> kmap{|e1 } -> kmap{|e1
             } -> unit -> Prop)) ->
             (λ(old3:kmap{|e1 }) ->
             (λ(cur4:kmap{|e1 }) ->
             (λ(anon1:unit) -> inv (max start (end_ + 1)) cur4)))))))
in
let
fordownto [||e2]=
                 (λ(inv1:Z -> kmap{|e2 } -> Prop) ->
                 (λ(start1:Z) ->
                 (λ(end_1:Z) ->
                 (λ(f1:(Z -> kmap{|e2 } -> Prop) * (Z -> kmap{|e2 } ->
                 kmap{|e2 } -> unit -> Prop)) ->
                 (λ(cur5:kmap{|e2 }) ->
                 (inv1 start1 cur5) /\
                 (forall (i1:Z),
                  ((start1 <= i1) /\ (i1 <= end_1)) ->
                  (forall (m1:kmap{|e2 }),
                   (inv1 i1 m1) ->
                   ((pre [Z -> kmap{|e2 } -> Prop,Z -> kmap{|e2 } -> kmap{|e2
                     } -> unit -> Prop||] f1 i1 m1)
                    /\
                    (forall (n1:kmap{|e2 }),
                     (post [Z -> kmap{|e2 } -> Prop,Z -> kmap{|e2 } ->
                      kmap{|e2 } -> unit -> Prop||] f1 i1 m1 n1 tt)
                     -> (inv1 (i1 - 1) n1)))))))
                 ,
                 (λ(f1:(Z -> kmap{|e2 } -> Prop) * (Z -> kmap{|e2 } ->
                 kmap{|e2 } -> unit -> Prop)) ->
                 (λ(old4:kmap{|e2 }) ->
                 (λ(cur6:kmap{|e2 }) ->
                 (λ(anon2:unit) -> inv1 (min start1 (end_1 - 1)) cur6)))))))
in type array[a13||] =  in
let get [a14||]= logic Z -> (array[a14||]) -> a14 in
let set [a15||]= logic Z -> a15 -> (array[a15||]) -> array[a15||] in
let length [a16||]= logic (array[a16||]) -> Z in
let
update_length [a17||]=
                      axiom forall (t:array[a17||]),
                            forall (i2:Z),
                            forall (z:a17),
                            (length [a17||] t) =
                            (length [a17||] (set [a17||] i2 z t))
in
let
get_set_eq [a18||]=
                   axiom forall (t1:array[a18||]),
                         forall (i3:Z),
                         forall (z1:a18),
                         (i3 < (length [a18||] t1)) ->
                         ((get [a18||] i3 (set [a18||] i3 z1 t1)) = z1)
in
let
get_set_neq [a19||]=
                    axiom forall (t2:array[a19||]),
                          forall (i4:Z),
                          forall (j:Z),
                          forall (z2:a19),
                          (i4 < (length [a19||] t2)) ->
                          ((j < (length [a19||] t2)) ->
                           ((i4 <> j) ->
                            ((get [a19||] i4 (set [a19||] j z2 t2)) =
                             (get [a19||] i4 t2))))
in
let
length_nonnegative [a20||]=
                           axiom forall (t3:array[a20||]),
                                 0 <= (length [a20||] t3)
in
(forall [a21
b5||e3], forall (f2:(a21 -> kmap{|e3 } -> Prop) * (a21 -> kmap{|e3 } ->
         kmap{|e3 } -> b5 -> Prop)),
         forall (s4:kmap{|e3 }),
         forall (x5:a21),
         (fst [a21 -> kmap{|e3 } -> Prop,a21 -> kmap{|e3 } -> kmap{|e3 } ->
          b5 -> Prop||] f2 x5 s4)
         /\
         (forall (s5:kmap{|e3 }),
          forall (anon3:b5),
          (snd [a21 -> kmap{|e3 } -> Prop,a21 -> kmap{|e3 } -> kmap{|e3 } ->
           b5 -> Prop||] f2 x5 s4 s5 anon3)
          -> ((λ(s6:kmap{|e3 }) -> (λ(r5:b5) -> True)) s5 anon3)))
/\
(let apply [a21
 b5||e3]=
         (λ(f2:(a21 -> kmap{|e3 } -> Prop) * (a21 -> kmap{|e3 } -> kmap{|e3
         } -> b5 -> Prop)) ->
         (λ(x5:a21) -> (λ(s7:kmap{|e3 }) -> True)) ,
         (λ(x5:a21) ->
         (λ(s8:kmap{|e3 }) -> (λ(s9:kmap{|e3 }) -> (λ(r6:b5) -> True)))))
 in
 (forall [|r7|], forall (s10:kmap{r7 |}),
                 forall (x6:ref(r7,Z)),
                 ((forall (s11:kmap{r7 |}),
                   forall (z3:Z),
                   (fst [ref(r7,Z) -> kmap{r7 |} -> Prop,ref(r7,Z) -> kmap{r7
                    |} -> kmap{r7 |} -> Z -> Prop||] ! [Z|r7|] x6 s11)
                   /\
                   (forall (s12:kmap{r7 |}),
                    forall (anon4:Z),
                    (snd [ref(r7,Z) -> kmap{r7 |} -> Prop,ref(r7,Z) ->
                     kmap{r7 |} -> kmap{r7 |} -> Z -> Prop||] ! [Z|r7|] x6
                     s11 s12 anon4)
                    -> ((λ(s13:kmap{r7 |}) -> (λ(r8:Z) -> True)) s12 anon4)))
                  /\
                  (fst [Z -> kmap{r7 |} -> Prop,Z -> kmap{r7 |} -> kmap{r7
                   |} -> Z -> Prop||]
                   (apply [Z,Z||{r7 |}]
                    ((λ(z3:Z) -> (λ(s14:kmap{r7 |}) -> True)) ,
                     (λ(z3:Z) ->
                     (λ(s15:kmap{r7 |}) ->
                     (λ(s16:kmap{r7 |}) -> (λ(r9:Z) -> True))))))
                   5 s10))
                 /\
                 (forall (s17:kmap{r7 |}),
                  forall (anon5:Z),
                  (snd [Z -> kmap{r7 |} -> Prop,Z -> kmap{r7 |} -> kmap{r7
                   |} -> Z -> Prop||]
                   (apply [Z,Z||{r7 |}]
                    ((λ(z3:Z) -> (λ(s14:kmap{r7 |}) -> True)) ,
                     (λ(z3:Z) ->
                     (λ(s15:kmap{r7 |}) ->
                     (λ(s16:kmap{r7 |}) -> (λ(r9:Z) -> True))))))
                   5 s10 s17 anon5)
                  -> ((λ(s18:kmap{r7 |}) -> (λ(r10:Z) -> True)) s17 anon5)))
 /\
 (let
  h [|r7|]=
           (λ(x6:ref(r7,Z)) -> (λ(s19:kmap{r7 |}) -> True)) ,
           (λ(x6:ref(r7,Z)) ->
           (λ(s20:kmap{r7 |}) ->
           (λ(s21:kmap{r7 |}) -> (λ(r11:Z) -> True))))
  in (λ(s22:kmap{|}) -> (λ(r12:unit) -> True)) s tt))
