cp apply_who.v.orig apply_who.v
chmod a-w apply_who.v.orig
coqc apply_who.v
rm -f apply_who.v.orig
rm -f apply_who.v
rm -f apply_who.glob
rm -f apply_who.vo
