logic = ['a||] : a -> a -> prop
logic ->  : prop -> prop -> prop
logic <  : int -> int -> prop
axiom z : True
